// Jest Snapshot v1, https://goo.gl/fbAQLP

exports[`Description page should render Description page 1`] = `ShallowWrapper {}`;
