// Jest Snapshot v1, https://goo.gl/fbAQLP

exports[`Phone component should render Phone component 1`] = `ShallowWrapper {}`;
