// Jest Snapshot v1, https://goo.gl/fbAQLP

exports[`Keyboard component should render Keyboard component 1`] = `ShallowWrapper {}`;
