// Jest Snapshot v1, https://goo.gl/fbAQLP

exports[`Main page should render Main page 1`] = `ShallowWrapper {}`;
