// Jest Snapshot v1, https://goo.gl/fbAQLP

exports[`NavBar HOC component should render NavBar component 1`] = `ShallowWrapper {}`;
