// Jest Snapshot v1, https://goo.gl/fbAQLP

exports[`PhoneLayout component should render PhoneLayout component 1`] = `ShallowWrapper {}`;
