// Jest Snapshot v1, https://goo.gl/fbAQLP

exports[`PhoneDisplay component should render PhoneDisplay component 1`] = `undefined`;
